Using hardware rendering with device sdk gphone x86 arm. If you notice graphics artifacts, consider enabling software rendering with "--enable-software-rendering".
Launching lib/main.dart on sdk gphone x86 arm in debug mode...
Running Gradle task 'assembleDebug'...                          
































































Running Gradle task 'assembleDebug'...                             12.2s
